
Attaching package: ‘dplyr’

The following objects are masked from ‘package:stats’:

    filter, lag

The following objects are masked from ‘package:base’:

    intersect, setdiff, setequal, union


Preparing split.df ...
   user  system elapsed 
  6.221   0.147   6.369 

Number of individual clustering problems: 213738 

====================================================
1. parallel::mclapply 
====================================================

Elapsed wall-clock time:
Time difference of 1.122563 mins

system.time():
    user   system  elapsed 
1070.682   15.898   67.067 

Number of returned elements: 213738 
           used  (Mb) gc trigger  (Mb) max used  (Mb)
Ncells  7082579 378.3   12492410 667.2 12492410 667.2
Vcells 61567246 469.8   99165554 756.6 91526105 698.3

====================================================
2. future_lapply - default scheduling 
====================================================

Elapsed wall-clock time:
Time difference of 1.623454 mins

system.time():
   user  system elapsed 
 36.045   3.438  97.002 

Number of returned elements: 213738 
There were 50 or more warnings (use warnings() to see the first 50)
           used  (Mb) gc trigger   (Mb)  max used   (Mb)
Ncells 10282765 549.2   20733630 1107.3  20733630 1107.3
Vcells 80203357 612.0  119078664  908.5 113609675  866.8

====================================================
3. future_lapply - future.scheduling = 5 
====================================================

Elapsed wall-clock time:
Time difference of 1.338628 hours

system.time():
    user   system  elapsed 
  52.067    7.546 4818.534 

Number of returned elements: 213738 
There were 50 or more warnings (use warnings() to see the first 50)
           used  (Mb) gc trigger   (Mb)  max used   (Mb)
Ncells 13365408 713.8   20733630 1107.3  20733630 1107.3
Vcells 98579888 752.2  171649275 1309.6 132366293 1009.9

====================================================
SUMMARY
====================================================
               method elapsed_seconds elapsed_minutes
1            mclapply        67.35380        1.122563
2      future_default        97.40723        1.623454
3 future_scheduling_5      4819.06024       80.317671

Results saved to parallel_benchmark_results.csv
